// Jest Snapshot v1, https://goo.gl/fbAQLP

exports[`should render Button Panel component 1`] = `ShallowWrapper {}`;

exports[`should render Display component 1`] = `ShallowWrapper {}`;
